// Jest Snapshot v1, https://goo.gl/fbAQLP

exports[`<FormEmail /> should render  1`] = `
.c0 {
  position: relative;
  max-width: 74rem;
}

.c1 {
  padding: 0.3rem 0.5rem;
  margin: 0rem auto;
  width: 100%;
  display: -webkit-box;
  display: -webkit-flex;
  display: -ms-flexbox;
  display: flex;
  -webkit-flex-direction: column;
  -ms-flex-direction: column;
  flex-direction: column;
  -webkit-align-items: center;
  -webkit-box-align: center;
  -ms-flex-align: center;
  align-items: center;
  -webkit-box-pack: center;
  -webkit-justify-content: center;
  -ms-flex-pack: center;
  justify-content: center;
}

.c4 {
  padding: 0.8rem 1.6rem;
  border-bottom: 0.1rem solid #1e1e1e;
  font-size: 1.4rem;
  background: transparent;
  border-radius: 0.7rem;
  text-align: start;
  color: #f8f8f8;
  -webkit-transition: all 0.3s linear;
  transition: all 0.3s linear;
}

.c4::-webkit-input-placeholder {
  color: rgba(0,0,0,0.45);
}

.c4::-moz-placeholder {
  color: rgba(0,0,0,0.45);
}

.c4:-ms-input-placeholder {
  color: rgba(0,0,0,0.45);
}

.c4::placeholder {
  color: rgba(0,0,0,0.45);
}

.c4:hover,
.c4:focus {
  background: rgba(255,255,255,0.1);
  border: 0.1rem solid #b7f600;
}

.c5 {
  padding: 0.8rem;
  overflow: hidden;
  border: 0;
  font-size: 1.4rem;
  font-family: 'Poppins',sans-serif;
  background: rgba(0,0,0,0.1);
  border-radius: 0.6rem;
  -webkit-transition: all 0.3s linear;
  transition: all 0.3s linear;
  color: #f8f8f8;
}

.c5::-webkit-input-placeholder {
  color: rgba(0,0,0,0.45);
}

.c5::-moz-placeholder {
  color: rgba(0,0,0,0.45);
}

.c5:-ms-input-placeholder {
  color: rgba(0,0,0,0.45);
}

.c5::placeholder {
  color: rgba(0,0,0,0.45);
}

.c5:hover,
.c5:focus {
  border: 0.1rem solid #b7f600;
  outline: none;
}

.c6 {
  margin-bottom: 0.3rem;
  padding: 0.5rem 1.6rem;
  background: transparent;
  color: #b7f600;
  font-weight: 700;
  border-radius: 0.5rem;
  border: 0.1rem solid #b7f600;
  -webkit-transition: all 0.4s ease-in-out;
  transition: all 0.4s ease-in-out;
}

.c6:hover {
  color: #f8f8f8;
  border: 0.1rem solid #f8f8f8;
}

.c2 {
  display: -webkit-box;
  display: -webkit-flex;
  display: -ms-flexbox;
  display: flex;
  -webkit-flex-direction: column;
  -ms-flex-direction: column;
  flex-direction: column;
  -webkit-align-items: flex-start;
  -webkit-box-align: flex-start;
  -ms-flex-align: flex-start;
  align-items: flex-start;
  -webkit-box-pack: center;
  -webkit-justify-content: center;
  -ms-flex-pack: center;
  justify-content: center;
  padding: 1rem 0.6rem;
  margin: 0.6rem 0;
}

.c3 {
  font-size: 1.2rem;
  margin: 0.4rem;
  color: #f8f8f8;
}

@media (min-width:620px) {
  .c4 {
    width: 24rem;
  }
}

@media (min-width:768px) {
  .c4 {
    font-size: 1.4rem;
  }
}

@media (min-width:620px) {
  .c5 {
    width: 24rem;
  }
}

@media (min-width:768px) {
  .c5 {
    font-size: 1.4rem;
  }
}

@media (min-width:768px) {
  .c3 {
    font-size: 1.4rem;
  }
}

<div>
  <div
    class="c0"
  >
    
    <form
      class="c1"
    >
      <div
        class="c2"
      >
        <label
          class="c3"
          for="name"
        >
          Nome
        </label>
        <input
          class="c4"
          id="name"
          name="name"
          placeholder="Digite seu Nome"
          type="text"
        />
      </div>
      <div
        class="c2"
      >
        <label
          class="c3"
          for="email"
        >
          Email
        </label>
        <input
          class="c4"
          id="email"
          name="email"
          placeholder="Digite seu email"
          type="email"
        />
      </div>
      <div
        class="c2"
      >
        <label
          class="c3"
          for="message"
        >
          Mensagem
        </label>
        <textarea
          class="c5"
          cols="25"
          id="message"
          name="message"
          placeholder="Digite sua mensagem"
          rows="5"
        />
      </div>
      <input
        class="c6"
        type="submit"
        value="enviar"
      />
    </form>
  </div>
</div>
`;
