// Jest Snapshot v1, https://goo.gl/fbAQLP

exports[`<SliderPhoto /> should have cards slides  1`] = `
.c1 {
  display: -webkit-box;
  display: -webkit-flex;
  display: -ms-flexbox;
  display: flex;
  -webkit-flex-direction: column;
  -ms-flex-direction: column;
  flex-direction: column;
  -webkit-align-items: center;
  -webkit-box-align: center;
  -ms-flex-align: center;
  align-items: center;
  -webkit-box-pack: center;
  -webkit-justify-content: center;
  -ms-flex-pack: center;
  justify-content: center;
  background: rgba(0,0,0,0.55);
  margin: 1rem;
  padding: 1rem 0.5rem;
  border-radius: 1rem;
  position: relative;
}

.c1::before {
  content: "";
  position: absolute;
  width: 0.3rem;
  height: 70%;
  top: 50%;
  right: -1.5rem;
  -webkit-transform: translateY(-50%);
  -ms-transform: translateY(-50%);
  transform: translateY(-50%);
  background: #b7f600;
}

.c2 {
  width: 5rem;
  height: 4rem;
  position: relative;
}

.c3 {
  margin-top: 1.3rem;
  font-size: 1.4rem;
  font-weight: 300;
  text-align: center;
  color: #f8f8f8;
}

.c0 {
  position: relative;
}

@media (min-width:620px) {
  .c0 {
    border-radius: 2rem;
  }
}

<div>
  <div
    class="slick-slider c0 slick-initialized"
  >
    
    <div
      class="slick-list"
    >
      <div
        class="slick-track"
        style="opacity: 1; transform: translate3d(0px, 0px, 0px);"
      >
        <div
          aria-hidden="false"
          class="slick-slide slick-active slick-current"
          data-index="0"
          style="outline: none; width: 0px;"
          tabindex="-1"
        >
          <div>
            <div
              aria-label="Linguagens,Frameworks ou bibliotecas dominadas"
              class="c1"
            >
              <div
                class="c2"
              >
                <div
                  style="display: block; overflow: hidden; position: absolute; top: 0px; left: 0px; bottom: 0px; right: 0px; box-sizing: border-box; margin: 0px;"
                >
                  <img
                    class=""
                    data-nimg="fill"
                    decoding="async"
                    src="data:image/gif;base64,R0lGODlhAQABAIAAAAAAAP///yH5BAEAAAAALAAAAAABAAEAAAIBRAA7"
                    style="position: absolute; top: 0px; left: 0px; bottom: 0px; right: 0px; box-sizing: border-box; padding: 0px; margin: auto; display: block; width: 0px; height: 0px; min-width: 100%; max-width: 100%; min-height: 100%; max-height: 100%;"
                  />
                  <noscript />
                </div>
              </div>
              <h3
                class="c3"
              >
                A primeira imagem do teste
              </h3>
            </div>
          </div>
        </div>
      </div>
    </div>
    
    
  </div>
</div>
`;
