// Jest Snapshot v1, https://goo.gl/fbAQLP

exports[`<ContainerHeader /> should render  1`] = `
.c2 {
  min-width: 100%;
  display: -webkit-box;
  display: -webkit-flex;
  display: -ms-flexbox;
  display: flex;
  -webkit-align-items: center;
  -webkit-box-align: center;
  -ms-flex-align: center;
  align-items: center;
  -webkit-box-pack: justify;
  -webkit-justify-content: space-between;
  -ms-flex-pack: justify;
  justify-content: space-between;
}

.c3 {
  padding: 0 2rem;
}

.c4 {
  font-family: 'Tangerine',cursive;
  font-size: 4.5rem;
  color: #f8f8f8;
}

.c4 span {
  color: #F4F66F;
}

.c5 {
  cursor: pointer;
  -webkit-transition: all 0.4s linear;
  transition: all 0.4s linear;
}

.c5:hover {
  -webkit-filter: brightness(0.7);
  filter: brightness(0.7);
}

.c6 {
  font-size: 4rem;
  color: #f8f8f8;
}

.c0 {
  width: 100vw;
  background-image: linear-gradient( to left,#00bf72,#008793,#004d7a,#051937 );
}

.c0 > div {
  min-height: 10vh;
}

.c1 {
  max-width: 86rem;
  padding: 2rem;
  margin: 0 auto;
}

@media (min-width:767px) {
  .c4 {
    font-size: 5.2rem;
  }
}

<div>
   
  <div
    class="c0"
  >
    <div
      class="c1"
    >
      <header
        class="c2"
      >
        <div
          aria-label="logo do site webdev"
          class="c3"
        >
          <h1
            class="c4"
          >
            Web
            <span>
              Dev
            </span>
          </h1>
        </div>
        <button
          aria-label="Botão para abrir um menu de opções"
          class="c5"
          title="Abra o Menu"
        >
          <svg
            class="c6"
            fill="currentColor"
            height="1em"
            stroke="currentColor"
            stroke-width="0"
            viewBox="0 0 24 24"
            width="1em"
            xmlns="http://www.w3.org/2000/svg"
          >
            <path
              d="M0 0h24v24H0V0z"
              fill="none"
            />
            <path
              d="M11 18c0 1.1-.9 2-2 2s-2-.9-2-2 .9-2 2-2 2 .9 2 2zm-2-8c-1.1 0-2 .9-2 2s.9 2 2 2 2-.9 2-2-.9-2-2-2zm0-6c-1.1 0-2 .9-2 2s.9 2 2 2 2-.9 2-2-.9-2-2-2zm6 4c1.1 0 2-.9 2-2s-.9-2-2-2-2 .9-2 2 .9 2 2 2zm0 2c-1.1 0-2 .9-2 2s.9 2 2 2 2-.9 2-2-.9-2-2-2zm0 6c-1.1 0-2 .9-2 2s.9 2 2 2 2-.9 2-2-.9-2-2-2z"
            />
          </svg>
        </button>
      </header>
    </div>
  </div>
</div>
`;
