// Jest Snapshot v1, https://goo.gl/fbAQLP

exports[`<GoToTop /> should render  1`] = `
.c0 {
  position: fixed;
  bottom: 2rem;
  right: 3rem;
  background: rgba(0,0,0,0.65);
  border-radius: 50%;
  display: -webkit-box;
  display: -webkit-flex;
  display: -ms-flexbox;
  display: flex;
  -webkit-align-items: center;
  -webkit-box-align: center;
  -ms-flex-align: center;
  align-items: center;
  -webkit-box-pack: center;
  -webkit-justify-content: center;
  -ms-flex-pack: center;
  justify-content: center;
  cursor: pointer;
  -webkit-transition: all 0.5s ease-in-out;
  transition: all 0.5s ease-in-out;
  z-index: 100;
}

.c0:hover {
  border: 0.1rem solid #f8f8f8;
  -webkit-filter: brightness(0.9);
  filter: brightness(0.9);
}

.c1 {
  display: -webkit-box;
  display: -webkit-flex;
  display: -ms-flexbox;
  display: flex;
  -webkit-align-items: center;
  -webkit-box-align: center;
  -ms-flex-align: center;
  align-items: center;
  -webkit-box-pack: center;
  -webkit-justify-content: center;
  -ms-flex-pack: center;
  justify-content: center;
  cursor: pointer;
}

.c2 {
  color: #f8f8f8;
  font-size: 3.2rem;
}

@media (min-width:620px) {
  .c0 {
    bottom: 4rem;
    right: calc(50% - 30rem);
    -webkit-transform: translateX(-50%);
    -ms-transform: translateX(-50%);
    transform: translateX(-50%);
  }
}

<div>
  <div
    class="c0"
    title="Voltar ao Inicio"
  >
    <a
      class="c1"
      href="#"
    >
      <svg
        class="c2"
        fill="none"
        height="1em"
        stroke="currentColor"
        stroke-linecap="round"
        stroke-linejoin="round"
        stroke-width="2"
        viewBox="0 0 24 24"
        width="1em"
        xmlns="http://www.w3.org/2000/svg"
      >
        <polyline
          points="18 15 12 9 6 15"
        />
      </svg>
    </a>
  </div>
</div>
`;
