// Jest Snapshot v1, https://goo.gl/fbAQLP

exports[`<SectionProject /> should render  1`] = `
<div>
   
  <div
    class="chakra-container css-1n49xi7"
  >
    <div
      class="css-gmuwbf"
    />
  </div>
</div>
`;
