// Jest Snapshot v1, https://goo.gl/fbAQLP

exports[`<CardSkilss /> should render  1`] = `
<div>
   
  <div
    class="css-x5fiqn"
  >
    <img
      class="chakra-image css-1xbzop4"
    />
    <p
      class="chakra-text css-18unoc9"
    />
  </div>
</div>
`;
