// Jest Snapshot v1, https://goo.gl/fbAQLP

exports[`Header should render  1`] = `
.c0 {
  max-width: 85rem;
  margin: 0 auto;
  text-align: center;
  display: -webkit-box;
  display: -webkit-flex;
  display: -ms-flexbox;
  display: flex;
  -webkit-flex-direction: column;
  -ms-flex-direction: column;
  flex-direction: column;
}

.c1 {
  width: -webkit-max-content;
  width: -moz-max-content;
  width: max-content;
  padding: 1rem 2.9rem 1rem 1.4rem;
  margin: 1rem 0 0 2rem;
  background: rgba(255,255,255,0.15);
  color: #1e1e1e;
  display: -webkit-box;
  display: -webkit-flex;
  display: -ms-flexbox;
  display: flex;
  position: relative;
  -webkit-flex-direction: column;
  -ms-flex-direction: column;
  flex-direction: column;
  -webkit-align-items: flex-start;
  -webkit-box-align: flex-start;
  -ms-flex-align: flex-start;
  align-items: flex-start;
  font-weight: 500;
  border-radius: 2rem;
}

.c1::before {
  content: "";
  position: absolute;
  top: 50%;
  left: 1rem;
  -webkit-transform: translateY(-50%);
  -ms-transform: translateY(-50%);
  transform: translateY(-50%);
  height: 80%;
  width: 0.3rem;
  background: #b7f600;
}

.c2 {
  margin-left: 1.3rem;
}

.c2 span {
  color: #b7f600;
}

.c3 {
  text-align: start;
  font-size: 2.3rem;
  margin-left: 1.3rem;
  font-weight: 300;
}

.c3 strong {
  color: #b7f600;
  font-style: italic;
}

.c4 {
  margin-left: 1.3rem;
}

.c5 {
  position: relative;
  width: 30rem;
  height: 41rem;
  -webkit-align-self: flex-end;
  -ms-flex-item-align: end;
  align-self: flex-end;
  justify-self: flex-end;
}

@media ( min-width:620px) {
  .c0 {
    padding: 0 2.4rem;
  }
}

@media ( min-width:620px) {
  .c0 {
    padding: 0 5.6rem;
  }
}

@media (min-width:768px) {
  .c1 {
    margin-left: 15rem;
  }
}

@media (min-width:768px) {
  .c5 {
    margin-right: 10rem;
  }
}

<div>
  <section
    class="c0"
  >
    <article
      aria-label="Minha Apresentação"
      class="c1"
      data-testid="apresentation"
    >
      <p
        class="c2"
      >
        Bem vindo(a),
      </p>
      <h1
        class="c3"
        title="Meu Nome"
      >
        Sou
        <strong>
           Henrique
        </strong>
        ,
      </h1>
      <p
        class="c4"
      >
        Desenvolvedor FrontEnd
      </p>
    </article>
    <main
      class="c5"
    >
      <div
        style="display: block; overflow: hidden; position: absolute; top: 0px; left: 0px; bottom: 0px; right: 0px; box-sizing: border-box; margin: 0px;"
      >
        <img
          alt="Esse sou eu "
          aria-label="Foto do Desenvolvedor dono do Portfólio"
          class=""
          data-nimg="fill"
          decoding="async"
          src="data:image/gif;base64,R0lGODlhAQABAIAAAAAAAP///yH5BAEAAAAALAAAAAABAAEAAAIBRAA7"
          style="position: absolute; top: 0px; left: 0px; bottom: 0px; right: 0px; box-sizing: border-box; padding: 0px; margin: auto; display: block; width: 0px; height: 0px; min-width: 100%; max-width: 100%; min-height: 100%; max-height: 100%;"
        />
        <noscript />
      </div>
    </main>
  </section>
</div>
`;
