// Jest Snapshot v1, https://goo.gl/fbAQLP

exports[`<BoxSkilss /> should render  1`] = `
.c0 {
  display: -webkit-box;
  display: -webkit-flex;
  display: -ms-flexbox;
  display: flex;
  -webkit-flex-direction: column;
  -ms-flex-direction: column;
  flex-direction: column;
  -webkit-align-items: center;
  -webkit-box-align: center;
  -ms-flex-align: center;
  align-items: center;
  -webkit-box-pack: center;
  -webkit-justify-content: center;
  -ms-flex-pack: center;
  justify-content: center;
  background: rgba(0,0,0,0.55);
  margin: 1rem;
  padding: 2rem;
  border-radius: 1rem;
  position: relative;
}

.c0::before {
  content: "";
  position: absolute;
  width: 0.3rem;
  height: 70%;
  top: 50%;
  right: -1.5rem;
  -webkit-transform: translateY(-50%);
  -ms-transform: translateY(-50%);
  transform: translateY(-50%);
  background: #b7f600;
}

.c1 {
  width: 5rem;
  height: 5rem;
  position: relative;
}

.c2 {
  margin-top: 1.3rem;
  font-size: 1.4rem;
  font-weight: 300;
  text-align: center;
  color: #f8f8f8;
}

<div>
  <div
    aria-label="Linguagens,Frameworks ou bibliotecas dominadas"
    class="c0"
  >
    <div
      class="c1"
    >
      <div
        style="display: block; overflow: hidden; position: absolute; top: 0px; left: 0px; bottom: 0px; right: 0px; box-sizing: border-box; margin: 0px;"
      >
        <img
          class=""
          data-nimg="fill"
          decoding="async"
          src="data:image/gif;base64,R0lGODlhAQABAIAAAAAAAP///yH5BAEAAAAALAAAAAABAAEAAAIBRAA7"
          style="position: absolute; top: 0px; left: 0px; bottom: 0px; right: 0px; box-sizing: border-box; padding: 0px; margin: auto; display: block; width: 0px; height: 0px; min-width: 100%; max-width: 100%; min-height: 100%; max-height: 100%;"
        />
        <noscript />
      </div>
    </div>
    <h3
      class="c2"
    >
      Titulo da imagem
    </h3>
  </div>
</div>
`;
