// Jest Snapshot v1, https://goo.gl/fbAQLP

exports[`<Loading /> should render  1`] = `
.c0 {
  background: #1e1e1e;
  width: 100%;
  height: 100%;
  display: -webkit-box;
  display: -webkit-flex;
  display: -ms-flexbox;
  display: flex;
  -webkit-align-items: center;
  -webkit-box-align: center;
  -ms-flex-align: center;
  align-items: center;
  -webkit-box-pack: center;
  -webkit-justify-content: center;
  -ms-flex-pack: center;
  justify-content: center;
  padding: 2rem;
}

.c0 h1 {
  color: #f8f8f8;
  font-size: 3.8rem;
}

<div>
  <div
    class="c0"
  >
    <h1>
      Carregando Dados aguarde sรณ um momento Por favor...
    </h1>
  </div>
</div>
`;
