// Jest Snapshot v1, https://goo.gl/fbAQLP

exports[`Header should render  1`] = `
.c2 {
  width: -webkit-max-content;
  width: -moz-max-content;
  width: max-content;
  display: -webkit-box;
  display: -webkit-flex;
  display: -ms-flexbox;
  display: flex;
  -webkit-box-pack: center;
  -webkit-justify-content: center;
  -ms-flex-pack: center;
  justify-content: center;
  -webkit-align-items: center;
  -webkit-box-align: center;
  -ms-flex-align: center;
  align-items: center;
  padding: 0.8rem 1.6rem;
  background: #12131C;
  border-radius: 1.2rem;
}

.c3 {
  font-family: 'Tangerine',cursive;
  font-size: 5rem;
  color: #E5E7EB;
}

.c4 {
  font-family: 'Tangerine',cursive;
  font-size: 5rem;
  color: #C11010;
}

.c8 {
  display: -webkit-box;
  display: -webkit-flex;
  display: -ms-flexbox;
  display: flex;
  -webkit-box-pack: center;
  -webkit-justify-content: center;
  -ms-flex-pack: center;
  justify-content: center;
  -webkit-align-items: center;
  -webkit-box-align: center;
  -ms-flex-align: center;
  align-items: center;
  cursor: pointer;
  width: 4.125rem;
  height: 4.125rem;
  border-radius: 50%;
  background: #12131C;
  border: 0.155rem solid transparent;
  -webkit-transition: 0.2s linear;
  transition: 0.2s linear;
}

.c8:hover {
  width: 4.65rem;
  height: 4.65rem;
}

.c9 {
  display: block;
  width: 1.8rem;
  margin: 0 1rem;
  height: 0.2rem;
  position: relative;
  -webkit-transition: 0.4s ease-in-out;
  transition: 0.4s ease-in-out;
  background: #E5E7EB;
}

.c9::after {
  background: #E5E7EB;
  bottom: -0.6rem;
}

.c9::before {
  background: #E5E7EB;
  top: -0.6rem;
}

.c9::after,
.c9::before {
  content: "";
  display: block;
  width: 100%;
  height: 100%;
  position: absolute;
  -webkit-transition: 0.4s ease-in-out;
  transition: 0.4s ease-in-out;
}

.c0 {
  max-width: 100vw;
  height: 8rem;
  background: #12131C;
  position: relative;
}

.c1 {
  position: relative;
  margin: 0 auto;
  height: 8rem;
  max-width: 86vw;
  display: -webkit-box;
  display: -webkit-flex;
  display: -ms-flexbox;
  display: flex;
  -webkit-box-pack: justify;
  -webkit-justify-content: space-between;
  -ms-flex-pack: justify;
  justify-content: space-between;
  -webkit-align-items: center;
  -webkit-box-align: center;
  -ms-flex-align: center;
  align-items: center;
  padding: 0.2rem 3rem;
  background: #12131C;
}

.c5 {
  margin: 0 auto;
  max-width: 86vw;
  display: -webkit-box;
  display: -webkit-flex;
  display: -ms-flexbox;
  display: flex;
  -webkit-align-items: center;
  -webkit-box-align: center;
  -ms-flex-align: center;
  align-items: center;
  -webkit-box-pack: center;
  -webkit-justify-content: center;
  -ms-flex-pack: center;
  justify-content: center;
  overflow: hidden;
}

.c6 {
  width: 86vw;
  padding: 2.4rem;
  display: -webkit-box;
  display: -webkit-flex;
  display: -ms-flexbox;
  display: flex;
  -webkit-box-pack: center;
  -webkit-justify-content: center;
  -ms-flex-pack: center;
  justify-content: center;
  -webkit-align-items: center;
  -webkit-box-align: center;
  -ms-flex-align: center;
  align-items: center;
  background: transparent;
  box-shadow: 0 0 30px #C11010,0 0 10px #E5E7EB;
  -webkit-backdrop-filter: blur(0.1rem);
  backdrop-filter: blur(0.1rem);
  overflow: hidden;
  opacity: 0;
  -webkit-transition: 1.2s ease-in-out;
  transition: 1.2s ease-in-out;
  -webkit-transform: translateX(100%);
  -ms-transform: translateX(100%);
  transform: translateX(100%);
}

.c7 {
  color: #E5E7EB;
  font-weight: 700;
  padding: 0.8rem;
  font-size: 2.0rem;
  -webkit-letter-spacing: 0.1rem;
  -moz-letter-spacing: 0.1rem;
  -ms-letter-spacing: 0.1rem;
  letter-spacing: 0.1rem;
  position: relative;
  -webkit-transition: filter .3s;
  transition: filter .3s;
}

.c7:hover::after {
  content: "";
  position: absolute;
  bottom: -0.1rem;
  right: 0;
  height: 0.3rem;
  background: #C11010;
  -webkit-animation: hoverAnimation .4s forwards;
  animation: hoverAnimation .4s forwards;
}

@media (max-width:450px) {
  .c3 {
    font-size: 3rem;
  }
}

@media (max-width:450px) {
  .c4 {
    font-size: 3rem;
  }
}

@media (max-width:768px) {
  .c0 {
    width: 100vw;
  }
}

@media (max-width:768px) {
  .c1 {
    max-width: 80rem;
    padding: 0.2rem 3rem;
  }
}

@media (max-width:450px) {
  .c1 {
    padding: 0.2rem 2rem;
  }
}

@media (max-width:748px) {
  .c5 {
    max-width: 100vw;
    position: absolute;
    top: 7rem;
    right: 0;
  }
}

@media (max-width:748px) {
  .c6 {
    width: 100vw;
    -webkit-flex-direction: column;
    -ms-flex-direction: column;
    flex-direction: column;
    background: #E5E7EB;
    width: 100vw;
    height: 80vh;
    border-radius: 0;
  }

  .c6 a {
    color: #12131C;
    font-size: 2.5rem;
    padding: 2.4rem 0.8rem;
  }
}

@media (max-width:1020px) {
  .c7 {
    font-size: 1.6rem;
  }
}

<div>
  <div
    class="c0"
  >
    <header
      class="c1"
    >
      <div
        class="c2"
      >
        <p
          class="c3"
        >
          Web
        </p>
        <p
          class="c4"
        >
          Dev
        </p>
      </div>
      <div
        class="c5"
      >
        <nav
          aria-hidden="true"
          class="c6"
          data-testid="menuLinks"
        >
          <a
            class="c7"
            href="#"
          >
            Inicio
          </a>
          <a
            class="c7"
            href="#project"
          >
            Projetos
          </a>
          <a
            class="c7"
            href="#skills"
          >
            Habilidades
          </a>
          <a
            class="c7"
            href="#about"
          >
            Sobre
          </a>
        </nav>
      </div>
      <div
        class="c8"
        data-testid="divClick"
      >
        <span
          class="c9"
          data-testid="span-test"
        />
      </div>
    </header>
  </div>
</div>
`;
