// Jest Snapshot v1, https://goo.gl/fbAQLP

exports[`BoxUser should render  1`] = `
.c0 {
  display: -webkit-box;
  display: -webkit-flex;
  display: -ms-flexbox;
  display: flex;
  -webkit-flex-direction: column;
  -ms-flex-direction: column;
  flex-direction: column;
  -webkit-align-items: center;
  -webkit-box-align: center;
  -ms-flex-align: center;
  align-items: center;
  -webkit-box-pack: center;
  -webkit-justify-content: center;
  -ms-flex-pack: center;
  justify-content: center;
  margin-right: 8rem;
}

.c1 {
  width: 20rem;
  height: 20rem;
  border-radius: 50%;
  box-shadow: 0 0 10px #C11010,0 0 10px #E5E7EB;
}

.c2 {
  color: #E5E7EB;
  font-family: 'Tangerine',cursive;
  font-size: 5rem;
  margin-top: 2rem;
}

@media (max-width:1020px) {
  .c0 {
    margin: -1rem -0.5rem 0 0;
  }
}

@media (max-width:480px) {
  .c0 {
    margin: -2rem -2rem 0 0;
  }
}

@media (max-width:780px) {
  .c1 {
    width: 11rem;
    height: 11rem;
  }
}

@media (max-width:480px) {
  .c1 {
    width: 8rem;
    height: 8rem;
  }
}

@media (max-width:1020px) {
  .c2 {
    font-size: 3rem;
  }
}

@media (max-width:480px) {
  .c2 {
    font-size: 4rem;
  }
}

<div>
  <div
    class="c0"
  >
    <img
      alt="Foto Programador"
      class="c1"
      src="https://res.cloudinary.com/defnibbpl/image/upload/v1633360611/medium_henrique_techs_89a8aae1bc.jpg"
    />
    <h1
      class="c2"
    >
      Henrique Dos Santos
    </h1>
  </div>
</div>
`;
