// Jest Snapshot v1, https://goo.gl/fbAQLP

exports[`<MenuNav /> should render  1`] = `
.c2 {
  width: 100%;
  max-width: 32rem;
  height: 0;
  position: fixed;
  top: 50%;
  right: -32rem;
  -webkit-transform: translateY(-50%);
  -ms-transform: translateY(-50%);
  transform: translateY(-50%);
  -webkit-transition: all 0.5s ease-in-out;
  transition: all 0.5s ease-in-out;
  z-index: 10;
  background: rgba(0,0,0,0.91);
  border-radius: 2rem 0 0 2rem;
  border: 0.5rem inset #486afe;
  border-right: 0;
}

.c4 {
  width: 12rem;
  height: 12rem;
  border-radius: 50%;
  margin: 1.3rem 0 2rem;
  position: relative;
  border-radius: 50%;
  border: 0.2rem groove #486afe;
  -webkit-transition: -webkit-transform 0.3s;
  -webkit-transition: transform 0.3s;
  transition: transform 0.3s;
}

.c4 img {
  border-radius: 50%;
}

.c4:hover {
  -webkit-transform: translate(0,-10%);
  -ms-transform: translate(0,-10%);
  transform: translate(0,-10%);
}

.c3 {
  width: 100%;
  height: 100%;
  display: -webkit-box;
  display: -webkit-flex;
  display: -ms-flexbox;
  display: flex;
  -webkit-flex-direction: column;
  -ms-flex-direction: column;
  flex-direction: column;
  -webkit-align-items: center;
  -webkit-box-align: center;
  -ms-flex-align: center;
  align-items: center;
  -webkit-box-pack: center;
  -webkit-justify-content: center;
  -ms-flex-pack: center;
  justify-content: center;
  -webkit-transition: all 0.3s ease-in-out;
  transition: all 0.3s ease-in-out;
  opacity: 0;
}

.c0 {
  background: rgba(255,255,255,0.55);
  padding: 0.3rem;
  position: fixed;
  top: 2rem;
  right: 3rem;
  border-radius: 50%;
  display: -webkit-box;
  display: -webkit-flex;
  display: -ms-flexbox;
  display: flex;
  -webkit-align-items: center;
  -webkit-box-align: center;
  -ms-flex-align: center;
  align-items: center;
  -webkit-box-pack: center;
  -webkit-justify-content: center;
  -ms-flex-pack: center;
  justify-content: center;
  z-index: 11;
  cursor: pointer;
  -webkit-transition: all.3s linear;
  transition: all.3s linear;
}

.c0:hover {
  -webkit-transform: translate(-5%,-5%);
  -ms-transform: translate(-5%,-5%);
  transform: translate(-5%,-5%);
  -webkit-filter: brightness(0.7);
  filter: brightness(0.7);
}

.c5 {
  color: #f8f8f8;
  margin: 1.5rem 0;
  position: relative;
}

.c5:hover::before {
  content: "";
  position: absolute;
  bottom: -1rem;
  left: 50%;
  -webkit-transform: translateX(-50%);
  -ms-transform: translateX(-50%);
  transform: translateX(-50%);
  height: 0.3rem;
  background: #486afe;
  -webkit-animation: SDFgy 0.6s;
  animation: SDFgy 0.6s;
}

.c1 {
  color: #1e1e1e;
  font-size: 2.8rem;
}

<div>
  <button
    aria-label="Botão de abrir e fechar menu de navegção"
    class="c0"
  >
    <svg
      aria-label="Botão Para abrir o Menu"
      class="c1"
      fill="currentColor"
      height="1em"
      role="button"
      stroke="currentColor"
      stroke-width="0"
      viewBox="0 0 24 24"
      width="1em"
      xmlns="http://www.w3.org/2000/svg"
    >
      <title>
        Abrir Menu
      </title>
      <path
        d="M0 0h24v24H0V0z"
        fill="none"
      />
      <path
        d="M11 18c0 1.1-.9 2-2 2s-2-.9-2-2 .9-2 2-2 2 .9 2 2zm-2-8c-1.1 0-2 .9-2 2s.9 2 2 2 2-.9 2-2-.9-2-2-2zm0-6c-1.1 0-2 .9-2 2s.9 2 2 2 2-.9 2-2-.9-2-2-2zm6 4c1.1 0 2-.9 2-2s-.9-2-2-2-2 .9-2 2 .9 2 2 2zm0 2c-1.1 0-2 .9-2 2s.9 2 2 2 2-.9 2-2-.9-2-2-2zm0 6c-1.1 0-2 .9-2 2s.9 2 2 2 2-.9 2-2-.9-2-2-2z"
      />
    </svg>
  </button>
  <div
    aria-label="Menu de nagação de telas"
    class="c2"
  >
    <nav
      class="c3"
    >
      <div
        class="c4"
      >
        <div
          style="display: block; overflow: hidden; position: absolute; top: 0px; left: 0px; bottom: 0px; right: 0px; box-sizing: border-box; margin: 0px;"
        >
          <img
            data-nimg="fill"
            decoding="async"
            src="data:image/gif;base64,R0lGODlhAQABAIAAAAAAAP///yH5BAEAAAAALAAAAAABAAEAAAIBRAA7"
            style="position: absolute; top: 0px; left: 0px; bottom: 0px; right: 0px; box-sizing: border-box; padding: 0px; margin: auto; display: block; width: 0px; height: 0px; min-width: 100%; max-width: 100%; min-height: 100%; max-height: 100%;"
          />
          <noscript />
        </div>
      </div>
      <div
        class="c5"
      >
        <a
          href="/#"
        >
          Inicio
        </a>
      </div>
      <div
        class="c5"
      >
        <a
          href="/#projects"
        >
          Projetos
        </a>
      </div>
      <div
        class="c5"
      >
        <a
          href="/#skilss"
        >
          Habilidades
        </a>
      </div>
      <div
        class="c5"
      >
        <a
          href="/#contacts"
        >
          Contato
        </a>
      </div>
    </nav>
  </div>
</div>
`;
