// Jest Snapshot v1, https://goo.gl/fbAQLP

exports[`<Teste /> should render  1`] = `
.c0 {
  display: -webkit-box;
  display: -webkit-flex;
  display: -ms-flexbox;
  display: flex;
  -webkit-box-pack: center;
  -webkit-justify-content: center;
  -ms-flex-pack: center;
  justify-content: center;
  -webkit-align-items: center;
  -webkit-box-align: center;
  -ms-flex-align: center;
  align-items: center;
  cursor: pointer;
  width: 4.125rem;
  height: 4.125rem;
  border-radius: 50%;
  background: #12131C;
  border: 0.155rem solid transparent;
  -webkit-transition: 0.2s linear;
  transition: 0.2s linear;
}

.c0:hover {
  width: 4.65rem;
  height: 4.65rem;
}

.c1 {
  display: block;
  width: 1.8rem;
  margin: 0 1rem;
  height: 0.2rem;
  position: relative;
  -webkit-transition: 0.4s ease-in-out;
  transition: 0.4s ease-in-out;
  background: #E5E7EB;
}

.c1::after {
  background: #E5E7EB;
  bottom: -0.6rem;
}

.c1::before {
  background: #E5E7EB;
  top: -0.6rem;
}

.c1::after,
.c1::before {
  content: "";
  display: block;
  width: 100%;
  height: 100%;
  position: absolute;
  -webkit-transition: 0.4s ease-in-out;
  transition: 0.4s ease-in-out;
}

<div>
  <div
    class="c0"
    data-testid="divClick"
  >
    <span
      class="c1"
      data-testid="span-test"
    />
  </div>
</div>
`;
