// Jest Snapshot v1, https://goo.gl/fbAQLP

exports[`<LinkNav /> should render  1`] = `
.c0 {
  color: #f8f8f8;
  font-size: 1.6rem;
  margin: 1.5rem 0;
  position: relative;
  -webkit-transition: all 0.4s ease-in-out;
  transition: all 0.4s ease-in-out;
}

.c0:hover::before {
  content: "";
  position: absolute;
  bottom: -1rem;
  left: 50%;
  -webkit-transform: translateX(-50%);
  -ms-transform: translateX(-50%);
  transform: translateX(-50%);
  width: 120%;
  height: 0.3rem;
  background: #486afe;
  -webkit-animation: fSVfHE 0.6s ease-in-out;
  animation: fSVfHE 0.6s ease-in-out;
}

<div>
  <div
    class="c0"
  >
    <a
      href="/#"
    >
      Inicio
    </a>
  </div>
  <div
    class="c0"
  >
    <a
      href="/#projects"
    >
      Projetos
    </a>
  </div>
  <div
    class="c0"
  >
    <a
      href="/#skilss"
    >
      Habilidades
    </a>
  </div>
  <div
    class="c0"
  >
    <a
      href="/#contacts"
    >
      Contato
    </a>
  </div>
</div>
`;
