// Jest Snapshot v1, https://goo.gl/fbAQLP

exports[`Main should render  1`] = `
<div>
   
  <div
    class="chakra-container css-8ljg7m"
  >
    <p
      class="chakra-text css-1d3rlnc"
    >
      Seção main
    </p>
  </div>
</div>
`;
