// Jest Snapshot v1, https://goo.gl/fbAQLP

exports[`<BoxMain /> should render  1`] = `
<div>
   
  <div
    class="chakra-container css-p2xluk"
  >
    <div
      class="chakra-container css-nm5t63"
    >
      Teste
    </div>
  </div>
</div>
`;
