// Jest Snapshot v1, https://goo.gl/fbAQLP

exports[`<AboutDescription /> should render  1`] = `
.c2 {
  position: relative;
  width: -webkit-max-content;
  width: -moz-max-content;
  width: max-content;
  color: #1e1e1e;
  padding: 0;
  margin: 0 0 1rem 1.5rem;
  font-size: 2rem;
  font-family: "Roboto",monospace;
}

.c2::before {
  content: "";
  position: absolute;
  top: 50%;
  left: -1.5rem;
  -webkit-transform: translateY(-50%);
  -ms-transform: translateY(-50%);
  transform: translateY(-50%);
  width: 0.4rem;
  height: 90%;
  border-radius: 2rem;
  background: #486afe;
}

.c0 {
  width: 100vw;
  padding: 5rem 1rem;
  background: white;
  margin-top: -7rem;
  -webkit-clip-path: polygon(0 0,100% 15%,100% 100%,0 85%);
  clip-path: polygon(0 0,100% 15%,100% 100%,0 85%);
}

.c1 {
  height: -webkit-max-content;
  height: -moz-max-content;
  height: max-content;
  padding: 1.8rem 0;
}

.c3 {
  margin-top: 1rem;
  font-size: 1.6rem;
  font-weight: 500;
}

.c3 strong {
  font-style: italic;
}

<div>
  <div
    class="c0"
  >
    <div
      class="c1"
    >
      <h1
        class="c2"
      >
        Um pouco sobre mim
      </h1>
      <p
        aria-label="Texto com a descrição do Programador"
        class="c3"
      >
        Sou um Desenvolvedor a princípio Front End, com foco em
        <strong>
           React | Next.js
        </strong>
        , apaixonado pela Programação estou em constante aprendizado e desenvolvimento profissional sempre me atualizando, no momento crio projetos Pesssoais e freelances voltados a Desenvolvimento Web, mas ao mesmo tempo estudando sobre desenvolvimento Mobile com 
        <strong>
          React Native
        </strong>
         .
      </p>
    </div>
  </div>
</div>
`;
