// Jest Snapshot v1, https://goo.gl/fbAQLP

exports[`<AboutDescription /> should render  1`] = `
.c3 {
  position: relative;
  width: -webkit-max-content;
  width: -moz-max-content;
  width: max-content;
  color: #1e1e1e;
  padding: 0;
  margin: 0 0 1rem 1.5rem;
  font-size: 2rem;
  font-family: "Roboto",monospace;
}

.c3::before {
  content: "";
  position: absolute;
  top: 50%;
  left: -1.5rem;
  -webkit-transform: translateY(-50%);
  -ms-transform: translateY(-50%);
  transform: translateY(-50%);
  width: 0.4rem;
  height: 90%;
  border-radius: 2rem;
  background: #486afe;
}

.c0 {
  width: 100vw;
  padding: 2.4rem 1rem 4rem;
  background: white;
  margin-top: 0;
  margin-bottom: 2.4rem;
  -webkit-clip-path: polygon(0 0,100% 15%,100% 100%,0 90%);
  clip-path: polygon(0 0,100% 15%,100% 100%,0 90%);
}

.c1 {
  max-width: 85rem;
  margin: 0 auto;
}

.c2 {
  height: -webkit-max-content;
  height: -moz-max-content;
  height: max-content;
  padding: 1.8rem 0;
}

.c4 {
  margin-top: 1rem;
  font-size: 1.6rem;
  font-weight: 500;
}

.c4 strong {
  font-style: italic;
}

@media (min-width:620px) {
  .c1 {
    padding: 0 2.4rem;
  }
}

@media (min-width:768px) {
  .c1 {
    padding: 0 4.0rem;
  }
}

<div>
  <div
    class="c0"
    data-testid="containerEffectClipPath"
  >
    <div
      class="c1"
    >
      <div
        class="c2"
      >
        <h1
          class="c3"
        >
          seção1
        </h1>
        <p
          aria-label="Texto com a descrição do Programador"
          class="c4"
        >
          Descrição da seção
        </p>
      </div>
    </div>
  </div>
</div>
`;
