// Jest Snapshot v1, https://goo.gl/fbAQLP

exports[`<SectionProject /> should render  1`] = `
<div>
   
  <div
    class=""
  >
    <h1>
      SectionProject
    </h1>
  </div>
</div>
`;
