// Jest Snapshot v1, https://goo.gl/fbAQLP

exports[
  `<MediaQuery /> should render in specified breakpoint with show is true  1`
] = `
.c0 {
  display: none;
}

@media (max-width:767px) {
  .c0 {
    display: block;
  }
}

<div>
  <div
    class="c0"
    data-testid="media-query"
  >
    <p>
      Media Query
    </p>
  </div>
</div>
`;
