// Jest Snapshot v1, https://goo.gl/fbAQLP

exports[`<Heading /> should render  1`] = `
<div>
   
  <h2
    class="chakra-heading css-gejyqc"
  >
    teste
  </h2>
</div>
`;
